<!DOCTYPE html>
<html>
<head lang="en">
    <meta charset="UTF-8">
    <title></title>
    <link rel="stylesheet" href="base.css"/>
    
    
</head>
<body>

<script type="text/javascript" src="base.js"></script>

<script src="footer.js"></script>
</body>
</html>